
> frontend@0.0.0 build
> tsc -b && vite build

src/pages/HomePage.tsx(7,10): error TS6133: 'scrollY' is declared but its value is never read.
